[2m2026-09-01T07:51:12.787584Z[0m [32m INFO[0m [2mbincache::boot[0m[2m:[0m bincache starting [3mpaths[0m[2m=[0m0 [3mshards[0m[2m=[0m1 [3mstore_dir[0m[2m=[0m/nix/store [3mpublic_key[0m[2m=[0mbincache-benchmark:0qYEAi+/SOgbUm+BUXIIKFc4VQqL0Q+cvbBRFWnt3dk=
[2m2026-09-01T07:51:12.787788Z[0m [32m INFO[0m [2mbincache_serve::shard[0m[2m:[0m listening [3mshard[0m[2m=[0m0
[2m2026-09-01T07:51:12.818909Z[0m [32m INFO[0m [2mbincache::boot[0m[2m:[0m bincache starting [3mpaths[0m[2m=[0m0 [3mshards[0m[2m=[0m1 [3mstore_dir[0m[2m=[0m/nix/store [3mpublic_key[0m[2m=[0mbincache-benchmark:0qYEAi+/SOgbUm+BUXIIKFc4VQqL0Q+cvbBRFWnt3dk=
[2m2026-09-01T07:51:12.819128Z[0m [32m INFO[0m [2mbincache_serve::shard[0m[2m:[0m listening [3mshard[0m[2m=[0m0
[2m2026-09-01T07:51:13.614281Z[0m [32m INFO[0m [2mbincache::boot[0m[2m:[0m bincache starting [3mpaths[0m[2m=[0m0 [3mshards[0m[2m=[0m1 [3mstore_dir[0m[2m=[0m/nix/store [3mpublic_key[0m[2m=[0mbincache-benchmark:0qYEAi+/SOgbUm+BUXIIKFc4VQqL0Q+cvbBRFWnt3dk=
[2m2026-09-01T07:51:13.614508Z[0m [32m INFO[0m [2mbincache_serve::shard[0m[2m:[0m listening [3mshard[0m[2m=[0m0
[2m2026-09-01T07:51:13.667973Z[0m [32m INFO[0m [2mbincache_ingest::ingest[0m[2m:[0m published [3mpath[0m[2m=[0m1pcyhqiil5nhc3fclicy1pjx1kmb74wd-narjar-continuation-8
[2m2026-09-01T07:51:13.707855Z[0m [32m INFO[0m [2mbincache_ingest::ingest[0m[2m:[0m published [3mpath[0m[2m=[0mdm9iiw8ly1js9xr0gsbnba97f9ap3jay-narjar-continuation-2
[2m2026-09-01T07:51:13.711774Z[0m [32m INFO[0m [2mbincache_ingest::ingest[0m[2m:[0m published [3mpath[0m[2m=[0m5gab06096s336y52ir45gy1r0ik3ipjn-narjar-continuation-9
[2m2026-09-01T07:51:13.715260Z[0m [32m INFO[0m [2mbincache_ingest::ingest[0m[2m:[0m published [3mpath[0m[2m=[0m23kz3pb7lyn3i2hl78lpqy20xplq53fx-narjar-continuation-7
[2m2026-09-01T07:51:13.719095Z[0m [32m INFO[0m [2mbincache_ingest::ingest[0m[2m:[0m published [3mpath[0m[2m=[0mhx7zffvlbbpna7iplawgn8497nk14kci-narjar-continuation-0
[2m2026-09-01T07:51:13.723061Z[0m [32m INFO[0m [2mbincache_ingest::ingest[0m[2m:[0m published [3mpath[0m[2m=[0mi22bg905d37gx28j2j2bp839vnhhsl03-narjar-continuation-3
[2m2026-09-01T07:51:13.726609Z[0m [32m INFO[0m [2mbincache_ingest::ingest[0m[2m:[0m published [3mpath[0m[2m=[0majsbgyacbb1kc2hiyk39673mkflq85zm-narjar-continuation-4
[2m2026-09-01T07:51:13.730142Z[0m [32m INFO[0m [2mbincache_ingest::ingest[0m[2m:[0m published [3mpath[0m[2m=[0mqqfkhai9avs4q4m0xvdhv79nk7x2dsam-narjar-continuation-6
[2m2026-09-01T07:51:13.733633Z[0m [32m INFO[0m [2mbincache_ingest::ingest[0m[2m:[0m published [3mpath[0m[2m=[0mx6j0ax2fgxv70flnyk7kvir15r0arh7z-narjar-continuation-5
[2m2026-09-01T07:51:13.737507Z[0m [32m INFO[0m [2mbincache_ingest::ingest[0m[2m:[0m published [3mpath[0m[2m=[0mm4jxsc98dyyzv3ak58l6csw4jf1anqmq-narjar-continuation-1
[2m2026-09-01T07:51:13.837725Z[0m [32m INFO[0m [2mbincache::boot[0m[2m:[0m bincache starting [3mpaths[0m[2m=[0m10 [3mshards[0m[2m=[0m1 [3mstore_dir[0m[2m=[0m/nix/store [3mpublic_key[0m[2m=[0mbincache-benchmark:0qYEAi+/SOgbUm+BUXIIKFc4VQqL0Q+cvbBRFWnt3dk=
[2m2026-09-01T07:51:13.837946Z[0m [32m INFO[0m [2mbincache_serve::shard[0m[2m:[0m listening [3mshard[0m[2m=[0m0
[2m2026-09-01T07:51:14.126587Z[0m [32m INFO[0m [2mbincache::boot[0m[2m:[0m bincache starting [3mpaths[0m[2m=[0m10 [3mshards[0m[2m=[0m1 [3mstore_dir[0m[2m=[0m/nix/store [3mpublic_key[0m[2m=[0mbincache-benchmark:0qYEAi+/SOgbUm+BUXIIKFc4VQqL0Q+cvbBRFWnt3dk=
[2m2026-09-01T07:51:14.126808Z[0m [32m INFO[0m [2mbincache_serve::shard[0m[2m:[0m listening [3mshard[0m[2m=[0m0
